// Jest Snapshot v1, https://goo.gl/fbAQLP

exports[`Render <LyricsTable/> should render lyrics table header 1`] = `
<DocumentFragment>
  <table
    class="table table-dark table-hover"
    data-testid="lyricsTable"
  >
    <thead>
      <tr>
        <th
          scope="col"
        >
          #
        </th>
        <th
          scope="col"
        >
          Song
        </th>
        <th
          scope="col"
        >
          Artist
        </th>
        <th
          scope="col"
        >
          Album
        </th>
      </tr>
    </thead>
  </table>
</DocumentFragment>
`;
